# compiler: R8
# compiler_version: 2.1.20-dev
# compiler_hash: 80f8cf3e5117f48b7bb8058ce08f554c5df67111
# pg_map_id: 34ec1b9
# common_typos_disable
com.luca992.compose.image.BuildConfig -> com.luca992.compose.image.BuildConfig:
    1:1:void <init>():6:6 -> <init>
com.luca992.compose.image.CoilImageKt -> com.luca992.compose.image.CoilImageKt:
    1:77:void CoilImage(java.lang.Object,androidx.ui.core.Modifier,kotlin.jvm.functions.Function1,androidx.compose.Composer):29:105 -> CoilImage
    78:83:void CoilImage(java.lang.Object,androidx.ui.core.Modifier,kotlin.jvm.functions.Function1,androidx.compose.Composer):103:108 -> CoilImage
    1:1:void CoilImage$default(java.lang.Object,androidx.ui.core.Modifier,kotlin.jvm.functions.Function1,androidx.compose.Composer,int,java.lang.Object):26:26 -> CoilImage$default
    2:2:void CoilImage$default(java.lang.Object,androidx.ui.core.Modifier,kotlin.jvm.functions.Function1,androidx.compose.Composer,int,java.lang.Object):24:24 -> CoilImage$default
    1:16:void ProfilePreview(androidx.compose.Composer):98:113 -> ProfilePreview
    17:22:void ProfilePreview(androidx.compose.Composer):111:116 -> ProfilePreview
com.luca992.compose.image.CoilImageKt$CoilImage$1 -> com.luca992.compose.image.CoilImageKt$a:
    1:1:void invoke(coil.request.LoadRequestBuilder):0:0 -> invoke
    1:1:java.lang.Object invoke(java.lang.Object):0 -> invoke
    2:2:java.lang.Object invoke(java.lang.Object):0:0 -> invoke
com.luca992.compose.image.CoilImageKt$CoilImage$2 -> com.luca992.compose.image.CoilImageKt$b:
    androidx.ui.core.Modifier $modifier -> c
    java.lang.Object $model -> a
    kotlin.jvm.functions.Function1 $customize -> b
    1:103:void invoke(androidx.ui.core.Constraints,androidx.ui.core.LayoutDirection,androidx.compose.Composer):0:102 -> invoke
    1:103:java.lang.Object invoke(java.lang.Object,java.lang.Object,java.lang.Object):0 -> invoke
    104:110:void invoke(androidx.ui.core.Constraints,androidx.ui.core.LayoutDirection,androidx.compose.Composer):101:107 -> invoke
    104:110:java.lang.Object invoke(java.lang.Object,java.lang.Object,java.lang.Object):0 -> invoke
    111:190:void invoke(androidx.ui.core.Constraints,androidx.ui.core.LayoutDirection,androidx.compose.Composer):30:109 -> invoke
    111:190:java.lang.Object invoke(java.lang.Object,java.lang.Object,java.lang.Object):0 -> invoke
    191:191:void invoke(androidx.ui.core.Constraints,androidx.ui.core.LayoutDirection,androidx.compose.Composer):105:105 -> invoke
    191:191:java.lang.Object invoke(java.lang.Object,java.lang.Object,java.lang.Object):0 -> invoke
    192:192:void invoke(androidx.ui.core.Constraints,androidx.ui.core.LayoutDirection,androidx.compose.Composer):104:104 -> invoke
    192:192:java.lang.Object invoke(java.lang.Object,java.lang.Object,java.lang.Object):0 -> invoke
    193:278:void invoke(androidx.ui.core.Constraints,androidx.ui.core.LayoutDirection,androidx.compose.Composer):30:115 -> invoke
    193:278:java.lang.Object invoke(java.lang.Object,java.lang.Object,java.lang.Object):0 -> invoke
    279:370:void invoke(androidx.ui.core.Constraints,androidx.ui.core.LayoutDirection,androidx.compose.Composer):31:122 -> invoke
    279:370:java.lang.Object invoke(java.lang.Object,java.lang.Object,java.lang.Object):0 -> invoke
    371:453:void invoke(androidx.ui.core.Constraints,androidx.ui.core.LayoutDirection,androidx.compose.Composer):88:170 -> invoke
    371:453:java.lang.Object invoke(java.lang.Object,java.lang.Object,java.lang.Object):0 -> invoke
    454:459:void invoke(androidx.ui.core.Constraints,androidx.ui.core.LayoutDirection,androidx.compose.Composer):166:171 -> invoke
    454:459:java.lang.Object invoke(java.lang.Object,java.lang.Object,java.lang.Object):0 -> invoke
    460:460:void invoke(androidx.ui.core.Constraints,androidx.ui.core.LayoutDirection,androidx.compose.Composer):167:167 -> invoke
    460:460:java.lang.Object invoke(java.lang.Object,java.lang.Object,java.lang.Object):0 -> invoke
    461:484:void invoke(androidx.ui.core.Constraints,androidx.ui.core.LayoutDirection,androidx.compose.Composer):166:189 -> invoke
    461:484:java.lang.Object invoke(java.lang.Object,java.lang.Object,java.lang.Object):0 -> invoke
    485:485:void invoke(androidx.ui.core.Constraints,androidx.ui.core.LayoutDirection,androidx.compose.Composer):158:158 -> invoke
    485:485:java.lang.Object invoke(java.lang.Object,java.lang.Object,java.lang.Object):0 -> invoke
    486:486:java.lang.Object invoke(java.lang.Object,java.lang.Object,java.lang.Object):0:0 -> invoke
com.luca992.compose.image.CoilImageKt$CoilImage$2$1 -> a.a.a.a.b:
    androidx.compose.MutableState $image -> d
    kotlin.jvm.functions.Function1 $customize -> e
    android.content.Context $context -> b
    java.lang.Object $model -> c
    androidx.ui.core.Constraints $constraints -> a
    1:102:void invoke(androidx.compose.CommitScope):0:101 -> invoke
    1:102:java.lang.Object invoke(java.lang.Object):0 -> invoke
    103:111:void invoke(androidx.compose.CommitScope):74:82 -> invoke
    103:111:java.lang.Object invoke(java.lang.Object):0 -> invoke
    112:112:java.lang.Object invoke(java.lang.Object):0:0 -> invoke
com.luca992.compose.image.CoilImageKt$CoilImage$2$1$1 -> a.a.a.a.a:
    coil.request.RequestDisposable $requestDisposable -> b
    androidx.compose.MutableState $image -> a
    1:2:void invoke():83:84 -> invoke
    1:2:java.lang.Object invoke():0 -> invoke
    3:3:java.lang.Object invoke():0:0 -> invoke
com.luca992.compose.image.CoilImageKt$CoilImage$2$1$target$1 -> com.luca992.compose.image.CoilImageKt$CoilImage$2$1$target$1:
    androidx.compose.MutableState $image -> c
    int $width -> b
    int $height -> a
    1:1:void <init>(int,int,androidx.compose.MutableState):48:48 -> <init>
    1:1:void onError(android.graphics.drawable.Drawable):67:67 -> onError
    1:8:void onStart(android.graphics.drawable.Drawable):50:57 -> onStart
    1:1:void onSuccess(android.graphics.drawable.Drawable):63:63 -> onSuccess
com.luca992.compose.image.CoilImageKt$CoilImage$5 -> com.luca992.compose.image.CoilImageKt$c:
    androidx.ui.core.Modifier $modifier -> b
    java.lang.Object $model -> a
    kotlin.jvm.functions.Function1 $customize -> c
    1:1:void invoke(androidx.compose.Composer):0:0 -> invoke
    1:1:java.lang.Object invoke(java.lang.Object):0 -> invoke
    2:2:java.lang.Object invoke(java.lang.Object):0:0 -> invoke
com.luca992.compose.image.CoilImageKt$ProfilePreview$3 -> com.luca992.compose.image.CoilImageKt$d:
    1:1:void invoke(androidx.compose.Composer):0:0 -> invoke
    1:1:java.lang.Object invoke(java.lang.Object):0 -> invoke
    2:2:java.lang.Object invoke(java.lang.Object):0:0 -> invoke
